// Vitest Snapshot v1, https://vitest.dev/guide/snapshot.html

exports[`NavigationBar > Snapshots > matches snapshot 1`] = `
<div>
  <header
    class="relative bg-white"
  >
    <nav
      aria-label="Top"
      class="mx-auto max-w-7xl px-4 sm:px-6 lg:px-8"
    >
      <div
        class="border-b border-gray-200"
      >
        <div
          class="flex h-16 items-center"
        >
          <button
            class="relative rounded-md bg-white p-2 text-gray-400 lg:hidden"
            type="button"
          >
            <span
              class="absolute -inset-0.5"
            />
            <span
              class="sr-only"
            >
              Open menu
            </span>
            <svg
              aria-hidden="true"
              class="h-6 w-6"
              fill="none"
              stroke="currentColor"
              stroke-width="1.5"
              viewBox="0 0 24 24"
            >
              <path
                d="M3.75 6.75h16.5M3.75 12h16.5m-16.5 5.25h16.5"
                stroke-linecap="round"
                stroke-linejoin="round"
              />
            </svg>
          </button>
          <div
            class="ml-4 flex lg:ml-0 h-8 w-8 relative"
          >
            <a
              data-discover="true"
              href="/"
            >
              <span
                class="sr-only"
              >
                Demo Shop
              </span>
              <img
                alt="Demo shop logo"
                class="object-contain"
                src="/icons/demo-shop.png"
              />
            </a>
          </div>
          <div
            class="hidden lg:ml-8 lg:block lg:self-stretch"
          >
            <div
              class="flex h-full space-x-8"
            >
              <div
                class="menu-item flex h-full space-x-8"
              >
                <a
                  class="text-indigo-600menu-item-button flex items-center text-sm font-medium hover:text-indigo-500"
                  data-discover="true"
                  href="/products"
                >
                  Products
                </a>
              </div>
              <div
                class="menu-item flex h-full space-x-8"
              >
                <a
                  class="text-gray-700menu-item-button flex items-center text-sm font-medium hover:text-indigo-500"
                  data-discover="true"
                  href="/orders"
                >
                  Orders
                </a>
              </div>
            </div>
          </div>
          <div
            class="ml-auto flex items-center"
          >
            <div
              data-testid="user-section"
            >
              User Section
              <button
                data-testid="login-button"
              >
                Login
              </button>
              <button
                data-testid="logout-button"
              >
                Logout
              </button>
              <button
                data-testid="register-button"
              >
                Register
              </button>
            </div>
            <div
              data-testid="product-search"
            >
              Product Search
            </div>
          </div>
        </div>
      </div>
    </nav>
  </header>
</div>
`;

exports[`NavigationBar > renders correctly 1`] = `
<div>
  <header
    class="relative bg-white"
  >
    <nav
      aria-label="Top"
      class="mx-auto max-w-7xl px-4 sm:px-6 lg:px-8"
    >
      <div
        class="border-b border-gray-200"
      >
        <div
          class="flex h-16 items-center"
        >
          <button
            class="relative rounded-md bg-white p-2 text-gray-400 lg:hidden"
            type="button"
          >
            <span
              class="absolute -inset-0.5"
            />
            <span
              class="sr-only"
            >
              Open menu
            </span>
            <svg
              aria-hidden="true"
              class="h-6 w-6"
              fill="none"
              stroke="currentColor"
              stroke-width="1.5"
              viewBox="0 0 24 24"
            >
              <path
                d="M3.75 6.75h16.5M3.75 12h16.5m-16.5 5.25h16.5"
                stroke-linecap="round"
                stroke-linejoin="round"
              />
            </svg>
          </button>
          <div
            class="ml-4 flex lg:ml-0 h-8 w-8 relative"
          >
            <a
              data-discover="true"
              href="/"
            >
              <span
                class="sr-only"
              >
                Demo Shop
              </span>
              <img
                alt="Demo shop logo"
                class="object-contain"
                src="/icons/demo-shop.png"
              />
            </a>
          </div>
          <div
            class="hidden lg:ml-8 lg:block lg:self-stretch"
          >
            <div
              class="flex h-full space-x-8"
            >
              <div
                class="menu-item flex h-full space-x-8"
              >
                <a
                  class="text-indigo-600menu-item-button flex items-center text-sm font-medium hover:text-indigo-500"
                  data-discover="true"
                  href="/products"
                >
                  Products
                </a>
              </div>
              <div
                class="menu-item flex h-full space-x-8"
              >
                <a
                  class="text-gray-700menu-item-button flex items-center text-sm font-medium hover:text-indigo-500"
                  data-discover="true"
                  href="/orders"
                >
                  Orders
                </a>
              </div>
            </div>
          </div>
          <div
            class="ml-auto flex items-center"
          >
            <div
              data-testid="user-section"
            >
              User Section
              <button
                data-testid="login-button"
              >
                Login
              </button>
              <button
                data-testid="logout-button"
              >
                Logout
              </button>
              <button
                data-testid="register-button"
              >
                Register
              </button>
            </div>
            <div
              data-testid="product-search"
            >
              Product Search
            </div>
          </div>
        </div>
      </div>
    </nav>
  </header>
</div>
`;
