// Vitest Snapshot v1, https://vitest.dev/guide/snapshot.html

exports[`SideNavigationUserSection > matches snapshot 1`] = `
<body>
  <div>
    <div
      class="lg:hidden space-y-6 border-t border-gray-200 px-4 py-6"
    >
      <div
        class="flow-root"
      >
        <a
          class="-m-2 block p-2 font-medium text-xl text-gray-700 hover:text-indigo-500 cursor-pointer"
        >
          Sign in
        </a>
      </div>
      <div
        class="flow-root"
      >
        <a
          class="-m-2 block p-2 font-medium text-xl text-gray-700 hover:text-indigo-500 cursor-pointer"
        >
          Register
        </a>
      </div>
    </div>
  </div>
</body>
`;
