// Vitest Snapshot v1, https://vitest.dev/guide/snapshot.html

exports[`OrderSummary > matches the snapshot 1`] = `
<body>
  <div>
    <section>
      <h2
        class="text-lg font-medium text-gray-900"
        id="slide-over-title"
      >
        Order Summary
      </h2>
      <div
        data-testid="cart-items-mock"
      />
      <div
        class="border-t border-gray-900/10 mt-12"
      >
        <div
          class="mt-8 flex justify-between"
        >
          <span>
            Total
          </span>
          <span>
            $10.99
          </span>
        </div>
      </div>
      <section>
        <div
          class="mt-6 flex items-center justify-center gap-x-6"
        >
          <button
            class="btn-checkout mt-6 lg:max-w-60 flex w-full items-center justify-center rounded-md border border-transparent px-8 py-3 text-base font-medium bg-indigo-600 text-white hover:bg-indigo-700 focus:outline-none focus:ring-2 focus:ring-indigo-500 focus:ring-offset-2"
          >
            Checkout
          </button>
        </div>
      </section>
    </section>
  </div>
</body>
`;
