// Vitest Snapshot v1, https://vitest.dev/guide/snapshot.html

exports[`ShippingInformationForm > matches the snapshot 1`] = `
<body>
  <div>
    <form
      data-testid="mock-form"
    >
      <div
        class="space-y-8"
      >
        <div
          class="flex justify-between items-center p-4 bg-gray-100 cursor-pointer lg:pointer-events-none"
        >
          <h2
            class="text-base font-semibold leading-7 text-gray-900"
          >
            Shipping information
          </h2>
          <svg
            class="lg:hidden w-5 h-5 transition-transform duration-300 rotate-180"
            fill="none"
            stroke="currentColor"
            viewBox="0 0 24 24"
            xmlns="http://www.w3.org/2000/svg"
          >
            <path
              d="M19 9l-7 7-7-7"
              stroke-linecap="round"
              stroke-linejoin="round"
              stroke-width="2"
            />
          </svg>
        </div>
        <div
          class="mt-4 lg:max-h-[1000px] grid md:grid-cols-8 gap-x-6 gap-y-4 transition-all duration-500 ease-in-out overflow-hidden max-h-[1000px]"
        >
          <div
            class="md:col-span-4"
            data-testid="form-input-firstname"
          >
            <label>
              Firstname
              *
            </label>
            <input
              data-testid="input-firstname"
              disabled=""
              name="firstname"
              required=""
            />
          </div>
          <div
            class="md:col-span-4"
            data-testid="form-input-lastname"
          >
            <label>
              Firstname
              *
            </label>
            <input
              data-testid="input-lastname"
              disabled=""
              name="lastname"
              required=""
            />
          </div>
          <div
            class="md:col-span-4"
            data-testid="form-input-email"
          >
            <label>
              Email
              *
            </label>
            <input
              data-testid="input-email"
              disabled=""
              name="email"
              required=""
            />
          </div>
          <div
            class="md:col-span-4"
            data-testid="form-input-phone"
          >
            <label>
              Phone
            </label>
            <input
              data-testid="input-phone"
              name="phone"
            />
          </div>
          <div
            class="md:col-span-4"
            data-testid="form-select-address.country"
          >
            <label>
              Country
              *
            </label>
            <select
              data-testid="select-address.country"
              name="address.country"
              required=""
            >
              <option
                value="US"
              >
                United States
              </option>
              <option
                value="CA"
              >
                Canada
              </option>
            </select>
          </div>
          <div
            class="md:col-span-5"
            data-testid="form-input-address.street"
          >
            <label>
              Street
              *
            </label>
            <input
              data-testid="input-address.street"
              name="address.street"
              required=""
            />
          </div>
          <div
            class="md:col-span-3"
            data-testid="form-input-address.apartment"
          >
            <label>
              Apartment
              *
            </label>
            <input
              data-testid="input-address.apartment"
              name="address.apartment"
              required=""
            />
          </div>
          <div
            class="md:col-span-3"
            data-testid="form-input-address.city"
          >
            <label>
              City
              *
            </label>
            <input
              data-testid="input-address.city"
              name="address.city"
              required=""
            />
          </div>
          <div
            class="md:col-span-3"
            data-testid="form-input-address.region"
          >
            <label>
              Region
            </label>
            <input
              data-testid="input-address.region"
              name="address.region"
            />
          </div>
          <div
            class="md:col-span-2"
            data-testid="form-input-address.zip"
          >
            <label>
              Zip
              *
            </label>
            <input
              data-testid="input-address.zip"
              name="address.zip"
              required=""
            />
          </div>
          <button
            class="btn-update md:col-span-full float-right m-2 mt-6 lg:max-w-60 flex flex-1 items-center justify-center rounded-md border border-transparent px-8 py-3 text-base font-medium bg-gray-200 text-gray-800 pointer-events-none"
            disabled=""
          >
            Update
          </button>
        </div>
      </div>
    </form>
  </div>
</body>
`;
