// Vitest Snapshot v1, https://vitest.dev/guide/snapshot.html

exports[`OrderDetail > matches the snapshot 1`] = `
<body>
  <div>
    <div
      class="mx-auto mb-8 px-8 max-w-5xl"
      id="invoice"
    >
      <section
        class="py-8 top-16 sticky z-10 border-b-2 border-gray-100 bg-white flex justify-between"
      >
        <div
          class="flex flex-col gap-5"
        >
          <div>
            <h1
              class="text-s leading-tight font-bold text-gray-700"
            >
              John
               
              Doe
            </h1>
            <div
              class="text-xs text-gray-500"
            >
              <p>
                123 Main St
                 
                Apt 4B
              </p>
              <p>
                12345
                 
                New York
                , 
                NY
              </p>
              <p>
                USA
              </p>
            </div>
          </div>
          <button
            class="btn-print w-36 flex items-center justify-center rounded-md border border-transparent px-8 py-2 text-base font-medium bg-indigo-600 text-white hover:bg-indigo-700 focus:outline-none focus:ring-2 focus:ring-indigo-500 focus:ring-offset-2"
          >
            Print
          </button>
        </div>
        <div
          class="flex flex-col gap-2.5"
        >
          <div
            class="flex flex-col items-end"
          >
            <div
              class="text-s leading-tight font-semibold"
            >
              Order #
              12345
            </div>
            <span
              data-testid="date-time"
            >
              2023-04-01T12:00:00.000Z
            </span>
          </div>
          <span
            data-testid="status-badge"
          >
            Created
          </span>
        </div>
      </section>
      <section>
        <ul
          class="divide-y divide-gray-100"
        >
          <li
            class="flex flex-col sm:flex-row gap-2 sm:gap-6 py-5"
          >
            <a
              class="relative w-12 h-12 sm:w-24 sm:h-24 aspect-1 flex-shrink-0 rounded-lg overflow-hidden"
              href="/products/1"
            >
              <img
                alt="Test Product"
                class="w-full h-full object-cover hover:opacity-75"
                src="/test-image.jpg"
              />
            </a>
            <div
              class="flex flex-col min-w-0 grow"
            >
              <p
                class="text-sm sm:leading-6 text-gray-900"
              >
                #
                1
                 
                Test Product
              </p>
              <p
                class="sm:mt-1 truncate text-xs sm:leading-5 text-gray-500"
              >
                Qty 
                2
              </p>
            </div>
            <div
              class="flex flex-row sm:flex-col-reverse grow sm:grow-0 justify-between sm:justify-end sm:items-end"
            >
              <p
                class="sm:mt-1 text-xs leading-5 text-gray-500"
              >
                <span>
                  $19.99
                </span>
              </p>
              <p
                class="text-sm leading-6 text-gray-900"
              >
                $39.98
              </p>
            </div>
          </li>
          <li
            class="flex justify-between gap-x-6 py-5"
          >
            <div
              class="flex min-w-0 gap-x-4"
            >
              <div
                class="min-w-0 flex-auto"
              >
                <p
                  class="text-sm font-semibold leading-6 text-gray-900"
                >
                  total
                </p>
              </div>
            </div>
            <div
              class="shrink-0 sm:flex sm:flex-col sm:items-end"
            >
              <p
                class="text-sm leading-6 text-gray-900"
              >
                $39.98
              </p>
            </div>
          </li>
        </ul>
      </section>
    </div>
  </div>
</body>
`;
